--------------------------------
Account Management System
1. View Balance
2. Credit Account
3. Debit Account
4. Exit
--------------------------------
Enter your choice (1-4): 
Enter credit amount: 
Amount credited. New balance: 000999.00
--------------------------------
Account Management System
1. View Balance
2. Credit Account
3. Debit Account
4. Exit
--------------------------------
Enter your choice (1-4): 
Current balance: 000999.00
--------------------------------
Account Management System
1. View Balance
2. Credit Account
3. Debit Account
4. Exit
--------------------------------
Enter your choice (1-4): 
Enter debit amount: 
Insufficient funds for this debit.
--------------------------------
Account Management System
1. View Balance
2. Credit Account
3. Debit Account
4. Exit
--------------------------------
Enter your choice (1-4): 
Current balance: 000999.00
--------------------------------
Account Management System
1. View Balance
2. Credit Account
3. Debit Account
4. Exit
--------------------------------
Enter your choice (1-4): 
Exiting the program. Goodbye!
