--------------------------------
Account Management System
1. View Balance
2. Credit Account
3. Debit Account
4. Exit
--------------------------------
Enter your choice (1-4):
Invalid choice, please select 1-4.
--------------------------------
Account Management System
1. View Balance
2. Credit Account
3. Debit Account
4. Exit
--------------------------------
Enter your choice (1-4):
Enter credit amount: 
Amount credited. New balance: 001000.01
--------------------------------
Account Management System
1. View Balance
2. Credit Account
3. Debit Account
4. Exit
--------------------------------
Enter your choice (1-4):
Enter credit amount: 
Amount credited. New balance: 001000.02
--------------------------------
Account Management System
1. View Balance
2. Credit Account
3. Debit Account
4. Exit
--------------------------------
Enter your choice (1-4):
Enter credit amount: 
Amount credited. New balance: 001000.03
--------------------------------
Account Management System
1. View Balance
2. Credit Account
3. Debit Account
4. Exit
--------------------------------
Enter your choice (1-4):
Enter credit amount: 
Amount credited. New balance: 001000.04
--------------------------------
Account Management System
1. View Balance
2. Credit Account
3. Debit Account
4. Exit
--------------------------------
Enter your choice (1-4):
Enter credit amount: 
Amount credited. New balance: 001000.05
--------------------------------
Account Management System
1. View Balance
2. Credit Account
3. Debit Account
4. Exit
--------------------------------
Enter your choice (1-4):
Enter credit amount: 
Amount credited. New balance: 001000.06
--------------------------------
Account Management System
1. View Balance
2. Credit Account
3. Debit Account
4. Exit
--------------------------------
Enter your choice (1-4):
Enter credit amount: 
Amount credited. New balance: 001000.07
--------------------------------
Account Management System
1. View Balance
2. Credit Account
3. Debit Account
4. Exit
--------------------------------
Enter your choice (1-4):
Enter credit amount: 
Amount credited. New balance: 001000.08
--------------------------------
Account Management System
1. View Balance
2. Credit Account
3. Debit Account
4. Exit
--------------------------------
Enter your choice (1-4):
Enter credit amount: 
Amount credited. New balance: 001000.09
--------------------------------
Account Management System
1. View Balance
2. Credit Account
3. Debit Account
4. Exit
--------------------------------
Enter your choice (1-4):
Enter credit amount: 
Amount credited. New balance: 001000.10
--------------------------------
Account Management System
1. View Balance
2. Credit Account
3. Debit Account
4. Exit
--------------------------------
Enter your choice (1-4):
Enter credit amount: 
Amount credited. New balance: 001000.11
--------------------------------
Account Management System
1. View Balance
2. Credit Account
3. Debit Account
4. Exit
--------------------------------
Enter your choice (1-4):
Enter credit amount: 
Amount credited. New balance: 001000.12
--------------------------------
Account Management System
1. View Balance
2. Credit Account
3. Debit Account
4. Exit
--------------------------------
Enter your choice (1-4):
Enter credit amount: 
Amount credited. New balance: 001000.13
--------------------------------
Account Management System
1. View Balance
2. Credit Account
3. Debit Account
4. Exit
--------------------------------
Enter your choice (1-4):
Enter credit amount: 
Amount credited. New balance: 001000.14
--------------------------------
Account Management System
1. View Balance
2. Credit Account
3. Debit Account
4. Exit
--------------------------------
Enter your choice (1-4):
Enter credit amount: 
Amount credited. New balance: 001000.15
--------------------------------
Account Management System
1. View Balance
2. Credit Account
3. Debit Account
4. Exit
--------------------------------
Enter your choice (1-4):
Enter credit amount: 
Amount credited. New balance: 001000.16
--------------------------------
Account Management System
1. View Balance
2. Credit Account
3. Debit Account
4. Exit
--------------------------------
Enter your choice (1-4):
Enter credit amount: 
Amount credited. New balance: 001000.17
--------------------------------
Account Management System
1. View Balance
2. Credit Account
3. Debit Account
4. Exit
--------------------------------
Enter your choice (1-4):
Enter credit amount: 
Amount credited. New balance: 001000.18
--------------------------------
Account Management System
1. View Balance
2. Credit Account
3. Debit Account
4. Exit
--------------------------------
Enter your choice (1-4):
Enter credit amount: 
Amount credited. New balance: 001000.19
--------------------------------
Account Management System
1. View Balance
2. Credit Account
3. Debit Account
4. Exit
--------------------------------
Enter your choice (1-4):
Enter credit amount: 
Amount credited. New balance: 001000.20
--------------------------------
Account Management System
1. View Balance
2. Credit Account
3. Debit Account
4. Exit
--------------------------------
Enter your choice (1-4):
Enter credit amount: 
Amount credited. New balance: 001000.21
--------------------------------
Account Management System
1. View Balance
2. Credit Account
3. Debit Account
4. Exit
--------------------------------
Enter your choice (1-4):
Enter credit amount: 
Amount credited. New balance: 001000.22
--------------------------------
Account Management System
1. View Balance
2. Credit Account
3. Debit Account
4. Exit
--------------------------------
Enter your choice (1-4):
Enter credit amount: 
Amount credited. New balance: 001000.23
--------------------------------
Account Management System
1. View Balance
2. Credit Account
3. Debit Account
4. Exit
--------------------------------
Enter your choice (1-4):
Enter credit amount: 
Amount credited. New balance: 001000.24
--------------------------------
Account Management System
1. View Balance
2. Credit Account
3. Debit Account
4. Exit
--------------------------------
Enter your choice (1-4):
Enter credit amount: 
Amount credited. New balance: 001000.25
--------------------------------
Account Management System
1. View Balance
2. Credit Account
3. Debit Account
4. Exit
--------------------------------
Enter your choice (1-4):
Enter credit amount: 
Amount credited. New balance: 001000.26
--------------------------------
Account Management System
1. View Balance
2. Credit Account
3. Debit Account
4. Exit
--------------------------------
Enter your choice (1-4):
Enter credit amount: 
Amount credited. New balance: 001000.27
--------------------------------
Account Management System
1. View Balance
2. Credit Account
3. Debit Account
4. Exit
--------------------------------
Enter your choice (1-4):
Enter credit amount: 
Amount credited. New balance: 001000.28
--------------------------------
Account Management System
1. View Balance
2. Credit Account
3. Debit Account
4. Exit
--------------------------------
Enter your choice (1-4):
Enter credit amount: 
Amount credited. New balance: 001000.29
--------------------------------
Account Management System
1. View Balance
2. Credit Account
3. Debit Account
4. Exit
--------------------------------
Enter your choice (1-4):
Enter credit amount: 
Amount credited. New balance: 001000.30
--------------------------------
Account Management System
1. View Balance
2. Credit Account
3. Debit Account
4. Exit
--------------------------------
Enter your choice (1-4):
Enter credit amount: 
Amount credited. New balance: 001000.31
--------------------------------
Account Management System
1. View Balance
2. Credit Account
3. Debit Account
4. Exit
--------------------------------
Enter your choice (1-4):
Enter credit amount: 
Amount credited. New balance: 001000.32
--------------------------------
Account Management System
1. View Balance
2. Credit Account
3. Debit Account
4. Exit
--------------------------------
Enter your choice (1-4):
Enter credit amount: 
Amount credited. New balance: 001000.33
--------------------------------
Account Management System
1. View Balance
2. Credit Account
3. Debit Account
4. Exit
--------------------------------
Enter your choice (1-4):
Enter credit amount: 
Amount credited. New balance: 001000.34
--------------------------------
Account Management System
1. View Balance
2. Credit Account
3. Debit Account
4. Exit
--------------------------------
Enter your choice (1-4):
Enter credit amount: 
Amount credited. New balance: 001000.35
--------------------------------
Account Management System
1. View Balance
2. Credit Account
3. Debit Account
4. Exit
--------------------------------
Enter your choice (1-4):
Enter credit amount: 
Amount credited. New balance: 001000.36
--------------------------------
Account Management System
1. View Balance
2. Credit Account
3. Debit Account
4. Exit
--------------------------------
Enter your choice (1-4):
Enter credit amount: 
Amount credited. New balance: 001000.37
--------------------------------
Account Management System
1. View Balance
2. Credit Account
3. Debit Account
4. Exit
--------------------------------
Enter your choice (1-4):
Enter credit amount: 
Amount credited. New balance: 001000.38
--------------------------------
Account Management System
1. View Balance
2. Credit Account
3. Debit Account
4. Exit
--------------------------------
Enter your choice (1-4):
Enter credit amount: 
Amount credited. New balance: 001000.39
--------------------------------
Account Management System
1. View Balance
2. Credit Account
3. Debit Account
4. Exit
--------------------------------
Enter your choice (1-4):
Enter credit amount: 
Amount credited. New balance: 001000.40
--------------------------------
Account Management System
1. View Balance
2. Credit Account
3. Debit Account
4. Exit
--------------------------------
Enter your choice (1-4):
Enter credit amount: 
Amount credited. New balance: 001000.41
--------------------------------
Account Management System
1. View Balance
2. Credit Account
3. Debit Account
4. Exit
--------------------------------
Enter your choice (1-4):
Enter credit amount: 
Amount credited. New balance: 001000.42
--------------------------------
Account Management System
1. View Balance
2. Credit Account
3. Debit Account
4. Exit
--------------------------------
Enter your choice (1-4):
Enter credit amount: 
Amount credited. New balance: 001000.43
--------------------------------
Account Management System
1. View Balance
2. Credit Account
3. Debit Account
4. Exit
--------------------------------
Enter your choice (1-4):
Enter credit amount: 
Amount credited. New balance: 001000.44
--------------------------------
Account Management System
1. View Balance
2. Credit Account
3. Debit Account
4. Exit
--------------------------------
Enter your choice (1-4):
Enter credit amount: 
Amount credited. New balance: 001000.45
--------------------------------
Account Management System
1. View Balance
2. Credit Account
3. Debit Account
4. Exit
--------------------------------
Enter your choice (1-4):
Enter credit amount: 
Amount credited. New balance: 001000.46
--------------------------------
Account Management System
1. View Balance
2. Credit Account
3. Debit Account
4. Exit
--------------------------------
Enter your choice (1-4):
Enter credit amount: 
Amount credited. New balance: 001000.47
--------------------------------
Account Management System
1. View Balance
2. Credit Account
3. Debit Account
4. Exit
--------------------------------
Enter your choice (1-4):
Enter credit amount: 
Amount credited. New balance: 001000.48
--------------------------------
Account Management System
1. View Balance
2. Credit Account
3. Debit Account
4. Exit
--------------------------------
Enter your choice (1-4):
Enter credit amount: 
Amount credited. New balance: 001000.49
--------------------------------
Account Management System
1. View Balance
2. Credit Account
3. Debit Account
4. Exit
--------------------------------
Enter your choice (1-4):
Enter credit amount: 
Amount credited. New balance: 001000.50
--------------------------------
Account Management System
1. View Balance
2. Credit Account
3. Debit Account
4. Exit
--------------------------------
Enter your choice (1-4):
Enter credit amount: 
Amount credited. New balance: 001000.51
--------------------------------
Account Management System
1. View Balance
2. Credit Account
3. Debit Account
4. Exit
--------------------------------
Enter your choice (1-4):
Enter credit amount: 
Amount credited. New balance: 001000.52
--------------------------------
Account Management System
1. View Balance
2. Credit Account
3. Debit Account
4. Exit
--------------------------------
Enter your choice (1-4):
Enter credit amount: 
Amount credited. New balance: 001000.53
--------------------------------
Account Management System
1. View Balance
2. Credit Account
3. Debit Account
4. Exit
--------------------------------
Enter your choice (1-4):
Enter credit amount: 
Amount credited. New balance: 001000.54
--------------------------------
Account Management System
1. View Balance
2. Credit Account
3. Debit Account
4. Exit
--------------------------------
Enter your choice (1-4):
Enter credit amount: 
Amount credited. New balance: 001000.55
--------------------------------
Account Management System
1. View Balance
2. Credit Account
3. Debit Account
4. Exit
--------------------------------
Enter your choice (1-4):
Enter credit amount: 
Amount credited. New balance: 001000.56
--------------------------------
Account Management System
1. View Balance
2. Credit Account
3. Debit Account
4. Exit
--------------------------------
Enter your choice (1-4):
Enter credit amount: 
Amount credited. New balance: 001000.57
--------------------------------
Account Management System
1. View Balance
2. Credit Account
3. Debit Account
4. Exit
--------------------------------
Enter your choice (1-4):
Current balance: 001000.57
--------------------------------
Account Management System
1. View Balance
2. Credit Account
3. Debit Account
4. Exit
--------------------------------
Enter your choice (1-4):
Exiting the program. Goodbye!
